// Jest Snapshot v1, https://goo.gl/fbAQLP

exports[`Anchor-header should anchorHeader: callback 1`] = `Array []`;
