// Jest Snapshot v1, https://goo.gl/fbAQLP

exports[`AppRoute should render a basic component: basic 1`] = `
<div>
  Lorem ipsum
</div>
`;
