// Jest Snapshot v1, https://goo.gl/fbAQLP

exports[`Capitalize should capitalize: capitalize 1`] = `"Lorem ipsum dolor sit"`;
